Archive member included because of file (symbol)

..\..\..\libngl.a(LCD_GPIO.o)
                              ..\obj\main.o (LCD_Set_RESET_Pin)
..\..\..\libngl.a(LCD_MAL.o)  ..\obj\main.o (NGL_LCD_Clear_AllScreen)
..\..\..\libngl.a(Graphics_Primitive.o)
                              ..\obj\main.o (NGL_GP_DrawFillRect)
..\..\..\libngl.a(LCD_HAL.o)  ..\..\..\libngl.a(LCD_MAL.o) (LCD)
..\..\..\libngl.a(HX8352.o)   ..\..\..\libngl.a(LCD_HAL.o) (HX8352)
..\..\..\libngl.a(SSD1289.o)  ..\..\..\libngl.a(LCD_HAL.o) (SSD1289)
..\..\..\libngl.a(R61581.o)   ..\..\..\libngl.a(LCD_HAL.o) (R61581)

Allocating common symbols
Common symbol       size              file

CS_LCD              0x8               ..\..\..\libngl.a(LCD_GPIO.o)
HC573_LE            0x8               ..\..\..\libngl.a(LCD_GPIO.o)
RES_LCD             0x8               ..\..\..\libngl.a(LCD_GPIO.o)
RD_LCD              0x8               ..\..\..\libngl.a(LCD_GPIO.o)
LCD_Struct          0x4               ..\obj\main.o
RS_LCD              0x8               ..\..\..\libngl.a(LCD_GPIO.o)
LCD_GPIO_DataPort   0x4               ..\..\..\libngl.a(LCD_GPIO.o)
WR_LCD              0x8               ..\..\..\libngl.a(LCD_GPIO.o)
TE_Input            0x8               ..\..\..\libngl.a(LCD_GPIO.o)

Discarded input sections

 .text          0x00000000        0x0 ..\obj\system_stm32f10x.o
 .data          0x00000000       0x14 ..\obj\system_stm32f10x.o
 .bss           0x00000000        0x0 ..\obj\system_stm32f10x.o
 .text.SystemCoreClockUpdate
                0x00000000       0xd8 ..\obj\system_stm32f10x.o
 .text          0x00000000        0x0 ..\obj\startup_stm32f10x_md.o
 .data          0x00000000        0x0 ..\obj\startup_stm32f10x_md.o
 .bss           0x00000000        0x0 ..\obj\startup_stm32f10x_md.o
 .text          0x00000000        0x0 ..\obj\stm32f10x_gpio.o
 .data          0x00000000        0x0 ..\obj\stm32f10x_gpio.o
 .bss           0x00000000        0x0 ..\obj\stm32f10x_gpio.o
 .text.GPIO_DeInit
                0x00000000       0xe4 ..\obj\stm32f10x_gpio.o
 .text.GPIO_AFIODeInit
                0x00000000       0x18 ..\obj\stm32f10x_gpio.o
 .text.GPIO_StructInit
                0x00000000       0x28 ..\obj\stm32f10x_gpio.o
 .text.GPIO_ReadInputDataBit
                0x00000000       0x34 ..\obj\stm32f10x_gpio.o
 .text.GPIO_ReadInputData
                0x00000000       0x1c ..\obj\stm32f10x_gpio.o
 .text.GPIO_ReadOutputDataBit
                0x00000000       0x34 ..\obj\stm32f10x_gpio.o
 .text.GPIO_ReadOutputData
                0x00000000       0x1c ..\obj\stm32f10x_gpio.o
 .text.GPIO_WriteBit
                0x00000000       0x30 ..\obj\stm32f10x_gpio.o
 .text.GPIO_Write
                0x00000000       0x1c ..\obj\stm32f10x_gpio.o
 .text.GPIO_PinLockConfig
                0x00000000       0x44 ..\obj\stm32f10x_gpio.o
 .text.GPIO_EventOutputConfig
                0x00000000       0x48 ..\obj\stm32f10x_gpio.o
 .text.GPIO_EventOutputCmd
                0x00000000       0x20 ..\obj\stm32f10x_gpio.o
 .text.GPIO_PinRemapConfig
                0x00000000       0xe0 ..\obj\stm32f10x_gpio.o
 .text.GPIO_EXTILineConfig
                0x00000000       0x7c ..\obj\stm32f10x_gpio.o
 .text.GPIO_ETH_MediaInterfaceConfig
                0x00000000       0x1c ..\obj\stm32f10x_gpio.o
 .text          0x00000000        0x0 ..\obj\main.o
 .data          0x00000000        0x0 ..\obj\main.o
 .bss           0x00000000        0x0 ..\obj\main.o
 .text          0x00000000        0x0 ..\obj\stm32f10x_rcc.o
 .data          0x00000000       0x14 ..\obj\stm32f10x_rcc.o
 .bss           0x00000000        0x0 ..\obj\stm32f10x_rcc.o
 .text.RCC_DeInit
                0x00000000       0x5c ..\obj\stm32f10x_rcc.o
 .text.RCC_HSEConfig
                0x00000000       0x5c ..\obj\stm32f10x_rcc.o
 .text.RCC_WaitForHSEStartUp
                0x00000000       0x50 ..\obj\stm32f10x_rcc.o
 .text.RCC_AdjustHSICalibrationValue
                0x00000000       0x3c ..\obj\stm32f10x_rcc.o
 .text.RCC_HSICmd
                0x00000000       0x20 ..\obj\stm32f10x_rcc.o
 .text.RCC_PLLConfig
                0x00000000       0x3c ..\obj\stm32f10x_rcc.o
 .text.RCC_PLLCmd
                0x00000000       0x20 ..\obj\stm32f10x_rcc.o
 .text.RCC_SYSCLKConfig
                0x00000000       0x38 ..\obj\stm32f10x_rcc.o
 .text.RCC_GetSYSCLKSource
                0x00000000       0x20 ..\obj\stm32f10x_rcc.o
 .text.RCC_HCLKConfig
                0x00000000       0x38 ..\obj\stm32f10x_rcc.o
 .text.RCC_PCLK1Config
                0x00000000       0x38 ..\obj\stm32f10x_rcc.o
 .text.RCC_PCLK2Config
                0x00000000       0x38 ..\obj\stm32f10x_rcc.o
 .text.RCC_ITConfig
                0x00000000       0x48 ..\obj\stm32f10x_rcc.o
 .text.RCC_USBCLKConfig
                0x00000000       0x1c ..\obj\stm32f10x_rcc.o
 .text.RCC_ADCCLKConfig
                0x00000000       0x38 ..\obj\stm32f10x_rcc.o
 .text.RCC_LSEConfig
                0x00000000       0x40 ..\obj\stm32f10x_rcc.o
 .text.RCC_LSICmd
                0x00000000       0x20 ..\obj\stm32f10x_rcc.o
 .text.RCC_RTCCLKConfig
                0x00000000       0x24 ..\obj\stm32f10x_rcc.o
 .text.RCC_RTCCLKCmd
                0x00000000       0x20 ..\obj\stm32f10x_rcc.o
 .text.RCC_GetClocksFreq
                0x00000000      0x164 ..\obj\stm32f10x_rcc.o
 .text.RCC_AHBPeriphClockCmd
                0x00000000       0x3c ..\obj\stm32f10x_rcc.o
 .text.RCC_APB2PeriphClockCmd
                0x00000000       0x3c ..\obj\stm32f10x_rcc.o
 .text.RCC_APB1PeriphClockCmd
                0x00000000       0x3c ..\obj\stm32f10x_rcc.o
 .text.RCC_APB2PeriphResetCmd
                0x00000000       0x3c ..\obj\stm32f10x_rcc.o
 .text.RCC_APB1PeriphResetCmd
                0x00000000       0x3c ..\obj\stm32f10x_rcc.o
 .text.RCC_BackupResetCmd
                0x00000000       0x20 ..\obj\stm32f10x_rcc.o
 .text.RCC_ClockSecuritySystemCmd
                0x00000000       0x20 ..\obj\stm32f10x_rcc.o
 .text.RCC_MCOConfig
                0x00000000       0x20 ..\obj\stm32f10x_rcc.o
 .text.RCC_GetFlagStatus
                0x00000000       0x74 ..\obj\stm32f10x_rcc.o
 .text.RCC_ClearFlag
                0x00000000       0x1c ..\obj\stm32f10x_rcc.o
 .text.RCC_GetITStatus
                0x00000000       0x38 ..\obj\stm32f10x_rcc.o
 .text.RCC_ClearITPendingBit
                0x00000000       0x20 ..\obj\stm32f10x_rcc.o
 .debug_info    0x00000000      0x88d ..\obj\stm32f10x_rcc.o
 .debug_abbrev  0x00000000      0x1ba ..\obj\stm32f10x_rcc.o
 .debug_aranges
                0x00000000      0x118 ..\obj\stm32f10x_rcc.o
 .debug_ranges  0x00000000      0x108 ..\obj\stm32f10x_rcc.o
 .debug_line    0x00000000      0x485 ..\obj\stm32f10x_rcc.o
 .debug_str     0x00000000      0x619 ..\obj\stm32f10x_rcc.o
 .comment       0x00000000       0x71 ..\obj\stm32f10x_rcc.o
 .ARM.attributes
                0x00000000       0x33 ..\obj\stm32f10x_rcc.o
 .debug_frame   0x00000000      0x388 ..\obj\stm32f10x_rcc.o
 .text          0x00000000        0x0 ..\obj\misc.o
 .data          0x00000000        0x0 ..\obj\misc.o
 .bss           0x00000000        0x0 ..\obj\misc.o
 .text.NVIC_PriorityGroupConfig
                0x00000000       0x24 ..\obj\misc.o
 .text.NVIC_Init
                0x00000000       0xc0 ..\obj\misc.o
 .text.NVIC_SetVectorTable
                0x00000000       0x2c ..\obj\misc.o
 .text.NVIC_SystemLPConfig
                0x00000000       0x40 ..\obj\misc.o
 .text.SysTick_CLKSourceConfig
                0x00000000       0x38 ..\obj\misc.o
 .debug_info    0x00000000      0x53d ..\obj\misc.o
 .debug_abbrev  0x00000000      0x145 ..\obj\misc.o
 .debug_aranges
                0x00000000       0x40 ..\obj\misc.o
 .debug_ranges  0x00000000       0x30 ..\obj\misc.o
 .debug_line    0x00000000      0x20d ..\obj\misc.o
 .debug_str     0x00000000      0x3bd ..\obj\misc.o
 .comment       0x00000000       0x71 ..\obj\misc.o
 .ARM.attributes
                0x00000000       0x33 ..\obj\misc.o
 .debug_frame   0x00000000       0x9c ..\obj\misc.o
 .text          0x00000000        0x0 ..\..\..\libngl.a(LCD_GPIO.o)
 .bss           0x00000000        0x0 ..\..\..\libngl.a(LCD_GPIO.o)
 .text.LCD_Set_RD_Pin
                0x00000000       0x28 ..\..\..\libngl.a(LCD_GPIO.o)
 .text          0x00000000        0x0 ..\..\..\libngl.a(LCD_MAL.o)
 .data          0x00000000        0x0 ..\..\..\libngl.a(LCD_MAL.o)
 .bss           0x00000000        0x0 ..\..\..\libngl.a(LCD_MAL.o)
 .text.NGL_LCD_SetCursor
                0x00000000       0x44 ..\..\..\libngl.a(LCD_MAL.o)
 .text.NGL_LCD_PutPixel
                0x00000000       0x5c ..\..\..\libngl.a(LCD_MAL.o)
 .text.NGL_LCD_GetPixels
                0x00000000       0x64 ..\..\..\libngl.a(LCD_MAL.o)
 .text          0x00000000        0x0 ..\..\..\libngl.a(Graphics_Primitive.o)
 .data          0x00000000        0x4 ..\..\..\libngl.a(Graphics_Primitive.o)
 .bss           0x00000000        0x1 ..\..\..\libngl.a(Graphics_Primitive.o)
 .text.NGL_GP_SetAntialiasingLine_State
                0x00000000       0x2c ..\..\..\libngl.a(Graphics_Primitive.o)
 .text.NGL_GP_AntialiasingParam
                0x00000000       0x2c ..\..\..\libngl.a(Graphics_Primitive.o)
 .text.NGL_GP_DrawPixel
                0x00000000       0x54 ..\..\..\libngl.a(Graphics_Primitive.o)
 .text.NGL_GP_DrawLine
                0x00000000      0x1cc ..\..\..\libngl.a(Graphics_Primitive.o)
 .text.NGL_GP_DrawCircle
                0x00000000      0x184 ..\..\..\libngl.a(Graphics_Primitive.o)
 .text.NGL_GP_DrawBeveledRect
                0x00000000      0x1f4 ..\..\..\libngl.a(Graphics_Primitive.o)
 .text.NGL_GP_DrawFillBeveledRect
                0x00000000      0x2ec ..\..\..\libngl.a(Graphics_Primitive.o)
 .text          0x00000000        0x0 ..\..\..\libngl.a(LCD_HAL.o)
 .text.NGL_LCD_SetRotation
                0x00000000       0x84 ..\..\..\libngl.a(LCD_HAL.o)
 .text          0x00000000        0x0 ..\..\..\libngl.a(HX8352.o)
 .bss           0x00000000        0x0 ..\..\..\libngl.a(HX8352.o)
 .text          0x00000000        0x0 ..\..\..\libngl.a(SSD1289.o)
 .bss           0x00000000        0x0 ..\..\..\libngl.a(SSD1289.o)
 .text          0x00000000        0x0 ..\..\..\libngl.a(R61581.o)
 .bss           0x00000000        0x0 ..\..\..\libngl.a(R61581.o)

Memory Configuration

Name             Origin             Length             Attributes
rom              0x08000000         0x00020000         xr
ram              0x20000000         0x00005000         xrw
*default*        0x00000000         0xffffffff

Linker script and memory map

                0x20005000                _eram = 0x20005000

.text           0x08000000     0x1c30
 *(.isr_vector)
 .isr_vector    0x08000000      0x10c ..\obj\startup_stm32f10x_md.o
                0x08000000                g_pfnVectors
 *(.text*)
 .text.SystemInit
                0x0800010c       0x68 ..\obj\system_stm32f10x.o
                0x0800010c                SystemInit
 .text.SetSysClock
                0x08000174        0xc ..\obj\system_stm32f10x.o
 .text.SetSysClockTo72
                0x08000180      0x100 ..\obj\system_stm32f10x.o
 .text.Default_Reset_Handler
                0x08000280       0x60 ..\obj\startup_stm32f10x_md.o
                0x08000280                Default_Reset_Handler
                0x08000280                Reset_Handler
 .text.Default_Handler
                0x080002e0        0x8 ..\obj\startup_stm32f10x_md.o
                0x080002e0                EXTI2_IRQHandler
                0x080002e0                DebugMon_Handler
                0x080002e0                TIM1_CC_IRQHandler
                0x080002e0                HardFault_Handler
                0x080002e0                SysTick_Handler
                0x080002e0                PVD_IRQHandler
                0x080002e0                PendSV_Handler
                0x080002e0                NMI_Handler
                0x080002e0                EXTI3_IRQHandler
                0x080002e0                EXTI0_IRQHandler
                0x080002e0                I2C2_EV_IRQHandler
                0x080002e0                UsageFault_Handler
                0x080002e0                ADC1_2_IRQHandler
                0x080002e0                SPI1_IRQHandler
                0x080002e0                TAMPER_IRQHandler
                0x080002e0                DMA1_Channel4_IRQHandler
                0x080002e0                USART3_IRQHandler
                0x080002e0                RTC_IRQHandler
                0x080002e0                DMA1_Channel7_IRQHandler
                0x080002e0                CAN1_RX1_IRQHandler
                0x080002e0                TIM4_IRQHandler
                0x080002e0                I2C1_EV_IRQHandler
                0x080002e0                DMA1_Channel6_IRQHandler
                0x080002e0                TIM3_IRQHandler
                0x080002e0                RCC_IRQHandler
                0x080002e0                TIM1_TRG_COM_IRQHandler
                0x080002e0                DMA1_Channel1_IRQHandler
                0x080002e0                EXTI15_10_IRQHandler
                0x080002e0                EXTI9_5_IRQHandler
                0x080002e0                SPI2_IRQHandler
                0x080002e0                MemManage_Handler
                0x080002e0                SVC_Handler
                0x080002e0                DMA1_Channel5_IRQHandler
                0x080002e0                EXTI4_IRQHandler
                0x080002e0                USB_LP_CAN1_RX0_IRQHandler
                0x080002e0                USB_HP_CAN1_TX_IRQHandler
                0x080002e0                DMA1_Channel3_IRQHandler
                0x080002e0                TIM1_UP_IRQHandler
                0x080002e0                WWDG_IRQHandler
                0x080002e0                TIM2_IRQHandler
                0x080002e0                TIM1_BRK_IRQHandler
                0x080002e0                EXTI1_IRQHandler
                0x080002e0                RTCAlarm_IRQHandler
                0x080002e0                USART2_IRQHandler
                0x080002e0                I2C2_ER_IRQHandler
                0x080002e0                DMA1_Channel2_IRQHandler
                0x080002e0                CAN1_SCE_IRQHandler
                0x080002e0                FLASH_IRQHandler
                0x080002e0                BusFault_Handler
                0x080002e0                USART1_IRQHandler
                0x080002e0                I2C1_ER_IRQHandler
                0x080002e0                USBWakeUp_IRQHandler
 .text.GPIO_Init
                0x080002e8      0x178 ..\obj\stm32f10x_gpio.o
                0x080002e8                GPIO_Init
 .text.GPIO_SetBits
                0x08000460       0x1c ..\obj\stm32f10x_gpio.o
                0x08000460                GPIO_SetBits
 .text.GPIO_ResetBits
                0x0800047c       0x1c ..\obj\stm32f10x_gpio.o
                0x0800047c                GPIO_ResetBits
 .text.main     0x08000498      0x110 ..\obj\main.o
                0x08000498                main
 .text.delay_ms
                0x080005a8       0x2c ..\obj\main.o
                0x080005a8                delay_ms
 .text.LCD_Set_RESET_Pin
                0x080005d4       0x28 ..\..\..\libngl.a(LCD_GPIO.o)
                0x080005d4                LCD_Set_RESET_Pin
 .text.LCD_Set_RS_Pin
                0x080005fc       0x28 ..\..\..\libngl.a(LCD_GPIO.o)
                0x080005fc                LCD_Set_RS_Pin
 .text.LCD_Set_WR_Pin
                0x08000624       0x28 ..\..\..\libngl.a(LCD_GPIO.o)
                0x08000624                LCD_Set_WR_Pin
 .text.LCD_Set_CS_Pin
                0x0800064c       0x28 ..\..\..\libngl.a(LCD_GPIO.o)
                0x0800064c                LCD_Set_CS_Pin
 .text.LCD_SetDataPort
                0x08000674       0x2c ..\..\..\libngl.a(LCD_GPIO.o)
                0x08000674                LCD_SetDataPort
 .text.PutPixelsFast
                0x080006a0       0x80 ..\..\..\libngl.a(LCD_MAL.o)
 .text.NGL_LCD_SetFullScreen
                0x08000720       0x24 ..\..\..\libngl.a(LCD_MAL.o)
                0x08000720                NGL_LCD_SetFullScreen
 .text.NGL_LCD_ClearArea
                0x08000744       0x4c ..\..\..\libngl.a(LCD_MAL.o)
                0x08000744                NGL_LCD_ClearArea
 .text.NGL_LCD_Clear_AllScreen
                0x08000790       0x28 ..\..\..\libngl.a(LCD_MAL.o)
                0x08000790                NGL_LCD_Clear_AllScreen
 .text.NGL_GP_Draw_Vertical_Line
                0x080007b8       0xc0 ..\..\..\libngl.a(Graphics_Primitive.o)
 .text.NGL_GP_Draw_Horizontal_Line
                0x08000878       0xbc ..\..\..\libngl.a(Graphics_Primitive.o)
 .text.NGL_GP_DrawRect
                0x08000934       0x6c ..\..\..\libngl.a(Graphics_Primitive.o)
                0x08000934                NGL_GP_DrawRect
 .text.NGL_GP_DrawFillRect
                0x080009a0       0x3c ..\..\..\libngl.a(Graphics_Primitive.o)
                0x080009a0                NGL_GP_DrawFillRect
 .text.NGL_LCD_Set_ConnectionType_DataBusBits_ColorBits
                0x080009dc       0xf4 ..\..\..\libngl.a(LCD_HAL.o)
 .text.NGL_LCD_ControllerInit
                0x08000ad0       0x40 ..\..\..\libngl.a(LCD_HAL.o)
                0x08000ad0                NGL_LCD_ControllerInit
 .text.NGL_LCD_GetController_FromIndex
                0x08000b10       0x40 ..\..\..\libngl.a(LCD_HAL.o)
                0x08000b10                NGL_LCD_GetController_FromIndex
 .text.NGL_LCD_FSMC_WriteCommand
                0x08000b50       0x1c ..\..\..\libngl.a(LCD_HAL.o)
 .text.NGL_LCD_FSMC_WriteData
                0x08000b6c       0x20 ..\..\..\libngl.a(LCD_HAL.o)
 .text.NGL_LCD_FSMC_ReadData
                0x08000b8c       0x18 ..\..\..\libngl.a(LCD_HAL.o)
 .text.NGL_LCD_GPIO_WriteCommand
                0x08000ba4       0x64 ..\..\..\libngl.a(LCD_HAL.o)
 .text.NGL_LCD_GPIO_WriteData
                0x08000c08       0x48 ..\..\..\libngl.a(LCD_HAL.o)
 .text.NGL_LCD_GPIO_WriteData_16bpp_8b
                0x08000c50       0x78 ..\..\..\libngl.a(LCD_HAL.o)
 .text.NGL_LCD_GPIO_WriteData_18bpp_8b
                0x08000cc8       0xa8 ..\..\..\libngl.a(LCD_HAL.o)
 .text.NGL_LCD_GPIO_WriteData_18bpp_16b
                0x08000d70       0x7c ..\..\..\libngl.a(LCD_HAL.o)
 .text.NGL_LCD_WriteRegister
                0x08000dec       0x30 ..\..\..\libngl.a(LCD_HAL.o)
                0x08000dec                NGL_LCD_WriteRegister
 .text.HX8352_WriteRAM_Prepare
                0x08000e1c       0x14 ..\..\..\libngl.a(HX8352.o)
 .text.HX8352_Init
                0x08000e30      0x1d0 ..\..\..\libngl.a(HX8352.o)
 .text.HX8352_SetRotation
                0x08001000       0x50 ..\..\..\libngl.a(HX8352.o)
 .text.HX8352_SetCursor
                0x08001050       0x88 ..\..\..\libngl.a(HX8352.o)
 .text.HX8352_SetArea
                0x080010d8       0x9c ..\..\..\libngl.a(HX8352.o)
 .text.HX8352_GetPixels
                0x08001174       0x18 ..\..\..\libngl.a(HX8352.o)
 .text.SSD1289_WriteRAM_Prepare
                0x0800118c       0x14 ..\..\..\libngl.a(SSD1289.o)
 .text.SSD1289_Init
                0x080011a0      0x2ec ..\..\..\libngl.a(SSD1289.o)
 .text.SSD1289_SetRotation
                0x0800148c      0x11c ..\..\..\libngl.a(SSD1289.o)
 .text.SSD1289_SetCursor
                0x080015a8       0x3c ..\..\..\libngl.a(SSD1289.o)
 .text.SSD1289_SetArea
                0x080015e4       0xb0 ..\..\..\libngl.a(SSD1289.o)
 .text.SSD1289_GetPixels
                0x08001694       0x18 ..\..\..\libngl.a(SSD1289.o)
 .text.R61581_WriteRAM_Prepare
                0x080016ac       0x14 ..\..\..\libngl.a(R61581.o)
 .text.R61581_Init
                0x080016c0      0x324 ..\..\..\libngl.a(R61581.o)
 .text.R61581_SetRotation
                0x080019e4       0x80 ..\..\..\libngl.a(R61581.o)
 .text.R61581_SetCursor
                0x08001a64       0x70 ..\..\..\libngl.a(R61581.o)
 .text.R61581_SetArea
                0x08001ad4       0x98 ..\..\..\libngl.a(R61581.o)
 .text.R61581_GetPixels
                0x08001b6c       0xc4 ..\..\..\libngl.a(R61581.o)
 *(.init)
 *(.fini)
 *crtbegin.o(.ctors)
 *crtbegin?.o(.ctors)
 *(EXCLUDE_FILE(*crtend.o *crtend?.o) .ctors)
 *(SORT(.ctors.*))
 *(.ctors)
 *crtbegin.o(.dtors)
 *crtbegin?.o(.dtors)
 *(EXCLUDE_FILE(*crtend.o *crtend?.o) .dtors)
 *(SORT(.dtors.*))
 *(.dtors)
 *(.rodata*)
 *(.eh_fram e*)

.glue_7         0x08001c30        0x0
 .glue_7        0x00000000        0x0 linker stubs

.glue_7t        0x08001c30        0x0
 .glue_7t       0x00000000        0x0 linker stubs

.vfp11_veneer   0x08001c30        0x0
 .vfp11_veneer  0x00000000        0x0 linker stubs

.v4_bx          0x08001c30        0x0
 .v4_bx         0x00000000        0x0 linker stubs

.iplt           0x08001c30        0x0
 .iplt          0x00000000        0x0 ..\obj\system_stm32f10x.o

.rel.dyn        0x08001c30        0x0
 .rel.iplt      0x00000000        0x0 ..\obj\system_stm32f10x.o

.ARM.extab
 *(.ARM.extab* .gnu.linkonce.armextab.*)
                0x08001c30                __exidx_start = .

.ARM.exidx
 *(.ARM.exidx* .gnu.linkonce.armexidx.*)
                0x08001c30                __exidx_end = .
                0x08001c30                __etext = .
                0x08001c30                _sidata = __etext

.data           0x20000000       0xbc load address 0x08001c30
                0x20000000                __data_start__ = .
                0x20000000                _sdata = __data_start__
 *(vtable)
 *(.data*)
 .data          0x20000000        0x2 ..\..\..\libngl.a(LCD_GPIO.o)
                0x20000000                LCD_GPIO_portMask
 *fill*         0x20000002        0x2 
 .data          0x20000004        0x4 ..\..\..\libngl.a(LCD_HAL.o)
                0x20000004                LCD
 .data          0x20000008       0x3c ..\..\..\libngl.a(HX8352.o)
                0x20000008                HX8352
 .data          0x20000044       0x3c ..\..\..\libngl.a(SSD1289.o)
                0x20000044                SSD1289
 .data          0x20000080       0x3c ..\..\..\libngl.a(R61581.o)
                0x20000080                R61581
                0x200000bc                . = ALIGN (0x4)
                0x200000bc                PROVIDE (__preinit_array_start, .)
 *(.preinit_array)
                0x200000bc                PROVIDE (__preinit_array_end, .)
                0x200000bc                . = ALIGN (0x4)
                0x200000bc                PROVIDE (__init_array_start, .)
 *(SORT(.init_array.*))
 *(.init_array)
                0x200000bc                PROVIDE (__init_array_end, .)
                0x200000bc                . = ALIGN (0x4)
                0x200000bc                PROVIDE (__fini_array_start, .)
 *(SORT(.fini_array.*))
 *(.fini_array)
                0x200000bc                PROVIDE (__fini_array_end, .)
 *(.jcr*)
                0x200000bc                . = ALIGN (0x4)
                0x200000bc                __data_end__ = .
                0x200000bc                _edata = __data_end__

.igot.plt       0x200000bc        0x0 load address 0x08001cec
 .igot.plt      0x00000000        0x0 ..\obj\system_stm32f10x.o

.bss            0x200000bc       0x44 load address 0x08001cec
                0x200000bc                . = ALIGN (0x4)
                0x200000bc                __bss_start__ = .
                0x200000bc                _sbss = __bss_start__
 *(.bss*)
 .bss           0x200000bc        0x4 ..\..\..\libngl.a(LCD_HAL.o)
                0x200000bc                NGL_Delay
 *(COMMON)
 COMMON         0x200000c0        0x4 ..\obj\main.o
                0x200000c0                LCD_Struct
 COMMON         0x200000c4       0x3c ..\..\..\libngl.a(LCD_GPIO.o)
                0x200000c4                CS_LCD
                0x200000cc                HC573_LE
                0x200000d4                RES_LCD
                0x200000dc                RD_LCD
                0x200000e4                RS_LCD
                0x200000ec                LCD_GPIO_DataPort
                0x200000f0                WR_LCD
                0x200000f8                TE_Input
                0x20000100                . = ALIGN (0x4)
                0x20000100                __bss_end__ = .
                0x20000100                _ebss = __bss_end__

.heap           0x20000100        0x0
                0x20000100                __end__ = .
                0x20000100                _end = __end__
                0x20000100                end = __end__
 *(.heap*)
                0x20000100                __HeapLimit = .

.co_stack       0x20000100      0x400 load address 0x08001d30
                0x20000100                . = ALIGN (0x8)
 *(.co_stack .co_stack.*)
 .co_stack      0x20000100      0x400 ..\obj\startup_stm32f10x_md.o
                0x20000100                pulStack
                0x20005000                __StackTop = (ORIGIN (ram) + 0x5000)
                0x20004c00                __StackLimit = (__StackTop - SIZEOF (.co_stack))
                0x20005000                PROVIDE (__stack, __StackTop)
                0x00000001                ASSERT ((__StackLimit >= __HeapLimit), region ram  overflowed with stack)
LOAD ..\obj\system_stm32f10x.o
LOAD ..\obj\startup_stm32f10x_md.o
LOAD ..\obj\stm32f10x_gpio.o
LOAD ..\obj\main.o
LOAD ..\obj\stm32f10x_rcc.o
LOAD ..\obj\misc.o
LOAD ..\..\..\libngl.a
START GROUP
LOAD c:/program files/gnu tools arm embedded/4.8 2014q3/bin/../lib/gcc/arm-none-eabi/4.8.4/armv7-m\libgcc.a
LOAD c:/program files/gnu tools arm embedded/4.8 2014q3/bin/../lib/gcc/arm-none-eabi/4.8.4/../../../../arm-none-eabi/lib/armv7-m\libg.a
LOAD c:/program files/gnu tools arm embedded/4.8 2014q3/bin/../lib/gcc/arm-none-eabi/4.8.4/../../../../arm-none-eabi/lib/armv7-m\libc.a
END GROUP
OUTPUT(HX8352_Test.elf elf32-littlearm)

.debug_info     0x00000000     0x3347
 .debug_info    0x00000000      0x479 ..\obj\system_stm32f10x.o
 .debug_info    0x00000479       0xe9 ..\obj\startup_stm32f10x_md.o
 .debug_info    0x00000562      0x6e7 ..\obj\stm32f10x_gpio.o
 .debug_info    0x00000c49      0x508 ..\obj\main.o
 .debug_info    0x00001151      0x318 ..\..\..\libngl.a(LCD_GPIO.o)
 .debug_info    0x00001469      0x499 ..\..\..\libngl.a(LCD_MAL.o)
 .debug_info    0x00001902      0x82f ..\..\..\libngl.a(Graphics_Primitive.o)
 .debug_info    0x00002131      0x5c0 ..\..\..\libngl.a(LCD_HAL.o)
 .debug_info    0x000026f1      0x438 ..\..\..\libngl.a(HX8352.o)
 .debug_info    0x00002b29      0x46c ..\..\..\libngl.a(SSD1289.o)
 .debug_info    0x00002f95      0x3b2 ..\..\..\libngl.a(R61581.o)

.debug_abbrev   0x00000000      0xe1f
 .debug_abbrev  0x00000000      0x14c ..\obj\system_stm32f10x.o
 .debug_abbrev  0x0000014c       0xa7 ..\obj\startup_stm32f10x_md.o
 .debug_abbrev  0x000001f3      0x1c8 ..\obj\stm32f10x_gpio.o
 .debug_abbrev  0x000003bb      0x154 ..\obj\main.o
 .debug_abbrev  0x0000050f       0xb9 ..\..\..\libngl.a(LCD_GPIO.o)
 .debug_abbrev  0x000005c8      0x13f ..\..\..\libngl.a(LCD_MAL.o)
 .debug_abbrev  0x00000707      0x1a8 ..\..\..\libngl.a(Graphics_Primitive.o)
 .debug_abbrev  0x000008af      0x1bf ..\..\..\libngl.a(LCD_HAL.o)
 .debug_abbrev  0x00000a6e      0x12c ..\..\..\libngl.a(HX8352.o)
 .debug_abbrev  0x00000b9a      0x13b ..\..\..\libngl.a(SSD1289.o)
 .debug_abbrev  0x00000cd5      0x14a ..\..\..\libngl.a(R61581.o)

.debug_aranges  0x00000000      0x390
 .debug_aranges
                0x00000000       0x38 ..\obj\system_stm32f10x.o
 .debug_aranges
                0x00000038       0x28 ..\obj\startup_stm32f10x_md.o
 .debug_aranges
                0x00000060       0xa8 ..\obj\stm32f10x_gpio.o
 .debug_aranges
                0x00000108       0x28 ..\obj\main.o
 .debug_aranges
                0x00000130       0x48 ..\..\..\libngl.a(LCD_GPIO.o)
 .debug_aranges
                0x00000178       0x50 ..\..\..\libngl.a(LCD_MAL.o)
 .debug_aranges
                0x000001c8       0x70 ..\..\..\libngl.a(Graphics_Primitive.o)
 .debug_aranges
                0x00000238       0x80 ..\..\..\libngl.a(LCD_HAL.o)
 .debug_aranges
                0x000002b8       0x48 ..\..\..\libngl.a(HX8352.o)
 .debug_aranges
                0x00000300       0x48 ..\..\..\libngl.a(SSD1289.o)
 .debug_aranges
                0x00000348       0x48 ..\..\..\libngl.a(R61581.o)

.debug_ranges   0x00000000      0x2e0
 .debug_ranges  0x00000000       0x28 ..\obj\system_stm32f10x.o
 .debug_ranges  0x00000028       0x18 ..\obj\startup_stm32f10x_md.o
 .debug_ranges  0x00000040       0x98 ..\obj\stm32f10x_gpio.o
 .debug_ranges  0x000000d8       0x18 ..\obj\main.o
 .debug_ranges  0x000000f0       0x38 ..\..\..\libngl.a(LCD_GPIO.o)
 .debug_ranges  0x00000128       0x40 ..\..\..\libngl.a(LCD_MAL.o)
 .debug_ranges  0x00000168       0x60 ..\..\..\libngl.a(Graphics_Primitive.o)
 .debug_ranges  0x000001c8       0x70 ..\..\..\libngl.a(LCD_HAL.o)
 .debug_ranges  0x00000238       0x38 ..\..\..\libngl.a(HX8352.o)
 .debug_ranges  0x00000270       0x38 ..\..\..\libngl.a(SSD1289.o)
 .debug_ranges  0x000002a8       0x38 ..\..\..\libngl.a(R61581.o)

.debug_line     0x00000000     0x1812
 .debug_line    0x00000000      0x1f2 ..\obj\system_stm32f10x.o
 .debug_line    0x000001f2       0x99 ..\obj\startup_stm32f10x_md.o
 .debug_line    0x0000028b      0x377 ..\obj\stm32f10x_gpio.o
 .debug_line    0x00000602      0x204 ..\obj\main.o
 .debug_line    0x00000806      0x17b ..\..\..\libngl.a(LCD_GPIO.o)
 .debug_line    0x00000981      0x1e4 ..\..\..\libngl.a(LCD_MAL.o)
 .debug_line    0x00000b65      0x38b ..\..\..\libngl.a(Graphics_Primitive.o)
 .debug_line    0x00000ef0      0x28a ..\..\..\libngl.a(LCD_HAL.o)
 .debug_line    0x0000117a      0x215 ..\..\..\libngl.a(HX8352.o)
 .debug_line    0x0000138f      0x22d ..\..\..\libngl.a(SSD1289.o)
 .debug_line    0x000015bc      0x256 ..\..\..\libngl.a(R61581.o)

.debug_str      0x00000000      0xffe
 .debug_str     0x00000000      0x28d ..\obj\system_stm32f10x.o
                                0x2ee (size before relaxing)
 .debug_str     0x0000028d       0xa7 ..\obj\startup_stm32f10x_md.o
                                0x13e (size before relaxing)
 .debug_str     0x00000334      0x3ac ..\obj\stm32f10x_gpio.o
                                0x518 (size before relaxing)
 .debug_str     0x000006e0      0x14b ..\obj\main.o
                                0x490 (size before relaxing)
 .debug_str     0x0000082b      0x18f ..\..\..\libngl.a(LCD_GPIO.o)
                                0x258 (size before relaxing)
 .debug_str     0x000009ba       0xc0 ..\..\..\libngl.a(LCD_MAL.o)
                                0x39e (size before relaxing)
 .debug_str     0x00000a7a      0x1df ..\..\..\libngl.a(Graphics_Primitive.o)
                                0x4dc (size before relaxing)
 .debug_str     0x00000c59      0x1db ..\..\..\libngl.a(LCD_HAL.o)
                                0x510 (size before relaxing)
 .debug_str     0x00000e34       0x94 ..\..\..\libngl.a(HX8352.o)
                                0x381 (size before relaxing)
 .debug_str     0x00000ec8       0x9c ..\..\..\libngl.a(SSD1289.o)
                                0x38a (size before relaxing)
 .debug_str     0x00000f64       0x9a ..\..\..\libngl.a(R61581.o)
                                0x353 (size before relaxing)

.comment        0x00000000       0x70
 .comment       0x00000000       0x70 ..\obj\system_stm32f10x.o
                                 0x71 (size before relaxing)
 .comment       0x00000000       0x71 ..\obj\startup_stm32f10x_md.o
 .comment       0x00000000       0x71 ..\obj\stm32f10x_gpio.o
 .comment       0x00000000       0x71 ..\obj\main.o
 .comment       0x00000000       0x71 ..\..\..\libngl.a(LCD_GPIO.o)
 .comment       0x00000000       0x71 ..\..\..\libngl.a(LCD_MAL.o)
 .comment       0x00000000       0x71 ..\..\..\libngl.a(Graphics_Primitive.o)
 .comment       0x00000000       0x71 ..\..\..\libngl.a(LCD_HAL.o)
 .comment       0x00000000       0x71 ..\..\..\libngl.a(HX8352.o)
 .comment       0x00000000       0x71 ..\..\..\libngl.a(SSD1289.o)
 .comment       0x00000000       0x71 ..\..\..\libngl.a(R61581.o)

.ARM.attributes
                0x00000000       0x33
 .ARM.attributes
                0x00000000       0x33 ..\obj\system_stm32f10x.o
 .ARM.attributes
                0x00000033       0x33 ..\obj\startup_stm32f10x_md.o
 .ARM.attributes
                0x00000066       0x33 ..\obj\stm32f10x_gpio.o
 .ARM.attributes
                0x00000099       0x33 ..\obj\main.o
 .ARM.attributes
                0x000000cc       0x33 ..\..\..\libngl.a(LCD_GPIO.o)
 .ARM.attributes
                0x000000ff       0x33 ..\..\..\libngl.a(LCD_MAL.o)
 .ARM.attributes
                0x00000132       0x33 ..\..\..\libngl.a(Graphics_Primitive.o)
 .ARM.attributes
                0x00000165       0x33 ..\..\..\libngl.a(LCD_HAL.o)
 .ARM.attributes
                0x00000198       0x33 ..\..\..\libngl.a(HX8352.o)
 .ARM.attributes
                0x000001cb       0x33 ..\..\..\libngl.a(SSD1289.o)
 .ARM.attributes
                0x000001fe       0x33 ..\..\..\libngl.a(R61581.o)

.debug_frame    0x00000000      0xa00
 .debug_frame   0x00000000       0x80 ..\obj\system_stm32f10x.o
 .debug_frame   0x00000080       0x48 ..\obj\startup_stm32f10x_md.o
 .debug_frame   0x000000c8      0x210 ..\obj\stm32f10x_gpio.o
 .debug_frame   0x000002d8       0x4c ..\obj\main.o
 .debug_frame   0x00000324       0xb8 ..\..\..\libngl.a(LCD_GPIO.o)
 .debug_frame   0x000003dc       0xf0 ..\..\..\libngl.a(LCD_MAL.o)
 .debug_frame   0x000004cc      0x168 ..\..\..\libngl.a(Graphics_Primitive.o)
 .debug_frame   0x00000634      0x180 ..\..\..\libngl.a(LCD_HAL.o)
 .debug_frame   0x000007b4       0xc0 ..\..\..\libngl.a(HX8352.o)
 .debug_frame   0x00000874       0xc4 ..\..\..\libngl.a(SSD1289.o)
 .debug_frame   0x00000938       0xc8 ..\..\..\libngl.a(R61581.o)
